2026-03-09 14:40:44,284 - INFO - ============================================================
2026-03-09 14:40:44,286 - INFO - ЗАПУСК FINE-TUNING QVikhr-3-4B С QLoRA
2026-03-09 14:40:44,286 - INFO - ============================================================
2026-03-09 14:40:44,286 - INFO - PyTorch: 2.10.0+cu128
2026-03-09 14:40:44,286 - INFO - Transformers: 5.3.0
2026-03-09 14:40:44,286 - INFO - PEFT: 0.18.1
2026-03-09 14:40:44,286 - INFO - bitsandbytes: 0.49.2
2026-03-09 14:40:44,286 - INFO - CUDA available: True
2026-03-09 14:40:44,286 - INFO - Device: Tesla T4
2026-03-09 14:40:44,286 - INFO - Memory: 16.72 GB
2026-03-09 14:40:44,288 - INFO - Train: /root/data/splits/train.jsonl
2026-03-09 14:40:44,288 - INFO - Val: /root/data/splits/val.jsonl
2026-03-09 14:40:44,288 - INFO - Output: /root/models/qvikhr-grant-lora
2026-03-09 14:40:44,288 - INFO - Загрузка модели Vikhrmodels/QVikhr-3-4B-Instruction в 4-bit...
2026-03-09 14:40:44,575 - INFO - HTTP Request: HEAD https://huggingface.co/Vikhrmodels/QVikhr-3-4B-Instruction/resolve/main/config.json "HTTP/1.1 307 Temporary Redirect"
2026-03-09 14:40:44,614 - INFO - HTTP Request: HEAD https://huggingface.co/api/resolve-cache/models/Vikhrmodels/QVikhr-3-4B-Instruction/b2a4232a1f3e5833ee0c48450374201f4a07eab7/config.json "HTTP/1.1 200 OK"
2026-03-09 14:40:44,761 - INFO - HTTP Request: HEAD https://huggingface.co/Vikhrmodels/QVikhr-3-4B-Instruction/resolve/main/tokenizer_config.json "HTTP/1.1 307 Temporary Redirect"
2026-03-09 14:40:44,762 - WARNING - Warning: You are sending unauthenticated requests to the HF Hub. Please set a HF_TOKEN to enable higher rate limits and faster downloads.
2026-03-09 14:40:44,801 - INFO - HTTP Request: HEAD https://huggingface.co/api/resolve-cache/models/Vikhrmodels/QVikhr-3-4B-Instruction/b2a4232a1f3e5833ee0c48450374201f4a07eab7/tokenizer_config.json "HTTP/1.1 200 OK"
2026-03-09 14:40:44,950 - INFO - HTTP Request: GET https://huggingface.co/api/models/Vikhrmodels/QVikhr-3-4B-Instruction/tree/main/additional_chat_templates?recursive=false&expand=false "HTTP/1.1 404 Not Found"
2026-03-09 14:40:45,096 - INFO - HTTP Request: GET https://huggingface.co/api/models/Vikhrmodels/QVikhr-3-4B-Instruction/tree/main?recursive=true&expand=false "HTTP/1.1 200 OK"
2026-03-09 14:40:46,643 - INFO - HTTP Request: GET https://huggingface.co/api/models/Vikhrmodels/QVikhr-3-4B-Instruction "HTTP/1.1 200 OK"
2026-03-09 14:40:46,886 - INFO - HTTP Request: HEAD https://huggingface.co/Vikhrmodels/QVikhr-3-4B-Instruction/resolve/main/config.json "HTTP/1.1 307 Temporary Redirect"
2026-03-09 14:40:46,926 - INFO - HTTP Request: HEAD https://huggingface.co/api/resolve-cache/models/Vikhrmodels/QVikhr-3-4B-Instruction/b2a4232a1f3e5833ee0c48450374201f4a07eab7/config.json "HTTP/1.1 200 OK"
2026-03-09 14:40:47,083 - INFO - HTTP Request: HEAD https://huggingface.co/Vikhrmodels/QVikhr-3-4B-Instruction/resolve/main/config.json "HTTP/1.1 307 Temporary Redirect"
2026-03-09 14:40:47,122 - INFO - HTTP Request: HEAD https://huggingface.co/api/resolve-cache/models/Vikhrmodels/QVikhr-3-4B-Instruction/b2a4232a1f3e5833ee0c48450374201f4a07eab7/config.json "HTTP/1.1 200 OK"
2026-03-09 14:40:51,732 - INFO - HTTP Request: HEAD https://huggingface.co/Vikhrmodels/QVikhr-3-4B-Instruction/resolve/main/generation_config.json "HTTP/1.1 307 Temporary Redirect"
2026-03-09 14:40:51,772 - INFO - HTTP Request: HEAD https://huggingface.co/api/resolve-cache/models/Vikhrmodels/QVikhr-3-4B-Instruction/b2a4232a1f3e5833ee0c48450374201f4a07eab7/generation_config.json "HTTP/1.1 200 OK"
2026-03-09 14:40:51,919 - INFO - HTTP Request: HEAD https://huggingface.co/Vikhrmodels/QVikhr-3-4B-Instruction/resolve/main/custom_generate/generate.py "HTTP/1.1 404 Not Found"
2026-03-09 14:40:53,156 - INFO - Trainable params: 33030144 (1.48% of all)
2026-03-09 14:40:53,161 - INFO - Загрузка train...
2026-03-09 14:40:53,651 - INFO - HTTP Request: HEAD https://s3.amazonaws.com/datasets.huggingface.co/datasets/datasets/json/json.py "HTTP/1.1 200 OK"
2026-03-09 14:40:53,858 - INFO - HTTP Request: HEAD https://s3.amazonaws.com/datasets.huggingface.co/datasets/datasets/json/json.py "HTTP/1.1 200 OK"
2026-03-09 14:40:53,866 - INFO - Train: 974 записей, Val: 207 записей
2026-03-09 14:41:05,654 - INFO - Найдено начало ответа: train 974/974, val 207/207
2026-03-09 14:41:05,669 - INFO - После фильтрации: train 974, val 207
2026-03-09 14:41:05,671 - INFO - Первый пример: 49/510 токенов участвуют в loss.
2026-03-09 14:41:05,677 - INFO - Эффективный batch: 8, шагов/эпоха: ~121
2026-03-09 14:41:05,853 - INFO - 🚀 Старт обучения...
2026-03-09 15:11:18,948 - INFO - HTTP Request: HEAD https://huggingface.co/Vikhrmodels/QVikhr-3-4B-Instruction/resolve/main/config.json "HTTP/1.1 307 Temporary Redirect"
2026-03-09 15:11:19,041 - INFO - HTTP Request: HEAD https://huggingface.co/api/resolve-cache/models/Vikhrmodels/QVikhr-3-4B-Instruction/b2a4232a1f3e5833ee0c48450374201f4a07eab7/config.json "HTTP/1.1 200 OK"
2026-03-09 15:11:19,260 - INFO - HTTP Request: HEAD https://huggingface.co/Vikhrmodels/QVikhr-3-4B-Instruction/resolve/main/config.json "HTTP/1.1 307 Temporary Redirect"
2026-03-09 15:11:19,356 - INFO - HTTP Request: HEAD https://huggingface.co/api/resolve-cache/models/Vikhrmodels/QVikhr-3-4B-Instruction/b2a4232a1f3e5833ee0c48450374201f4a07eab7/config.json "HTTP/1.1 200 OK"
2026-03-09 15:41:13,895 - INFO - HTTP Request: HEAD https://huggingface.co/Vikhrmodels/QVikhr-3-4B-Instruction/resolve/main/config.json "HTTP/1.1 307 Temporary Redirect"
2026-03-09 15:41:13,938 - INFO - HTTP Request: HEAD https://huggingface.co/api/resolve-cache/models/Vikhrmodels/QVikhr-3-4B-Instruction/b2a4232a1f3e5833ee0c48450374201f4a07eab7/config.json "HTTP/1.1 200 OK"
2026-03-09 15:41:14,085 - INFO - HTTP Request: HEAD https://huggingface.co/Vikhrmodels/QVikhr-3-4B-Instruction/resolve/main/config.json "HTTP/1.1 307 Temporary Redirect"
2026-03-09 15:41:14,129 - INFO - HTTP Request: HEAD https://huggingface.co/api/resolve-cache/models/Vikhrmodels/QVikhr-3-4B-Instruction/b2a4232a1f3e5833ee0c48450374201f4a07eab7/config.json "HTTP/1.1 200 OK"
2026-03-09 16:11:27,236 - INFO - HTTP Request: HEAD https://huggingface.co/Vikhrmodels/QVikhr-3-4B-Instruction/resolve/main/config.json "HTTP/1.1 307 Temporary Redirect"
2026-03-09 16:11:27,280 - INFO - HTTP Request: HEAD https://huggingface.co/api/resolve-cache/models/Vikhrmodels/QVikhr-3-4B-Instruction/b2a4232a1f3e5833ee0c48450374201f4a07eab7/config.json "HTTP/1.1 200 OK"
2026-03-09 16:11:27,426 - INFO - HTTP Request: HEAD https://huggingface.co/Vikhrmodels/QVikhr-3-4B-Instruction/resolve/main/config.json "HTTP/1.1 307 Temporary Redirect"
2026-03-09 16:11:27,471 - INFO - HTTP Request: HEAD https://huggingface.co/api/resolve-cache/models/Vikhrmodels/QVikhr-3-4B-Instruction/b2a4232a1f3e5833ee0c48450374201f4a07eab7/config.json "HTTP/1.1 200 OK"
2026-03-09 16:11:28,862 - INFO - 💾 Сохранение модели...
2026-03-09 16:11:29,089 - INFO - HTTP Request: HEAD https://huggingface.co/Vikhrmodels/QVikhr-3-4B-Instruction/resolve/main/config.json "HTTP/1.1 307 Temporary Redirect"
2026-03-09 16:11:29,133 - INFO - HTTP Request: HEAD https://huggingface.co/api/resolve-cache/models/Vikhrmodels/QVikhr-3-4B-Instruction/b2a4232a1f3e5833ee0c48450374201f4a07eab7/config.json "HTTP/1.1 200 OK"
2026-03-09 16:11:29,280 - INFO - HTTP Request: HEAD https://huggingface.co/Vikhrmodels/QVikhr-3-4B-Instruction/resolve/main/config.json "HTTP/1.1 307 Temporary Redirect"
2026-03-09 16:11:29,324 - INFO - HTTP Request: HEAD https://huggingface.co/api/resolve-cache/models/Vikhrmodels/QVikhr-3-4B-Instruction/b2a4232a1f3e5833ee0c48450374201f4a07eab7/config.json "HTTP/1.1 200 OK"
2026-03-09 16:11:29,822 - INFO - ✅ Обучение завершено. Модель сохранена в /root/models/qvikhr-grant-lora
